14-Dec-2024 07:12:00.908 INFORMACIÓN [Thread-22] org.apache.catalina.core.ApplicationContext.log SessionListener: contextDestroyed()
14-Dec-2024 07:12:00.908 INFORMACIÓN [Thread-22] org.apache.catalina.core.ApplicationContext.log ContextListener: contextDestroyed()
14-Dec-2024 10:37:49.456 INFORMACIÓN [main] org.apache.catalina.core.ApplicationContext.log ContextListener: contextInitialized()
14-Dec-2024 10:37:49.457 INFORMACIÓN [main] org.apache.catalina.core.ApplicationContext.log SessionListener: contextInitialized()
14-Dec-2024 10:37:49.465 INFORMACIÓN [main] org.apache.catalina.core.ApplicationContext.log ContextListener: attributeAdded('StockTicker', 'async.Stockticker@63b95379')
14-Dec-2024 10:45:17.675 INFORMACIÓN [main] org.apache.catalina.core.ApplicationContext.log SessionListener: contextDestroyed()
14-Dec-2024 10:45:17.675 INFORMACIÓN [main] org.apache.catalina.core.ApplicationContext.log ContextListener: contextDestroyed()
14-Dec-2024 10:46:11.920 INFORMACIÓN [main] org.apache.catalina.core.ApplicationContext.log ContextListener: contextInitialized()
14-Dec-2024 10:46:11.924 INFORMACIÓN [main] org.apache.catalina.core.ApplicationContext.log SessionListener: contextInitialized()
14-Dec-2024 10:46:11.929 INFORMACIÓN [main] org.apache.catalina.core.ApplicationContext.log ContextListener: attributeAdded('StockTicker', 'async.Stockticker@4b8bae5e')
14-Dec-2024 10:54:12.290 INFORMACIÓN [main] org.apache.catalina.core.ApplicationContext.log SessionListener: contextDestroyed()
14-Dec-2024 10:54:12.290 INFORMACIÓN [main] org.apache.catalina.core.ApplicationContext.log ContextListener: contextDestroyed()
14-Dec-2024 10:54:52.980 INFORMACIÓN [main] org.apache.catalina.core.ApplicationContext.log ContextListener: contextInitialized()
14-Dec-2024 10:54:52.980 INFORMACIÓN [main] org.apache.catalina.core.ApplicationContext.log SessionListener: contextInitialized()
14-Dec-2024 10:54:52.983 INFORMACIÓN [main] org.apache.catalina.core.ApplicationContext.log ContextListener: attributeAdded('StockTicker', 'async.Stockticker@4cbd9191')
14-Dec-2024 10:59:37.142 INFORMACIÓN [main] org.apache.catalina.core.ApplicationContext.log SessionListener: contextDestroyed()
14-Dec-2024 10:59:37.142 INFORMACIÓN [main] org.apache.catalina.core.ApplicationContext.log ContextListener: contextDestroyed()
14-Dec-2024 11:04:00.145 INFORMACIÓN [main] org.apache.catalina.core.ApplicationContext.log ContextListener: contextInitialized()
14-Dec-2024 11:04:00.145 INFORMACIÓN [main] org.apache.catalina.core.ApplicationContext.log SessionListener: contextInitialized()
14-Dec-2024 11:04:00.153 INFORMACIÓN [main] org.apache.catalina.core.ApplicationContext.log ContextListener: attributeAdded('StockTicker', 'async.Stockticker@15598368')
14-Dec-2024 11:04:56.907 INFORMACIÓN [main] org.apache.catalina.core.ApplicationContext.log ContextListener: contextInitialized()
14-Dec-2024 11:04:56.907 INFORMACIÓN [main] org.apache.catalina.core.ApplicationContext.log SessionListener: contextInitialized()
14-Dec-2024 11:04:56.914 INFORMACIÓN [main] org.apache.catalina.core.ApplicationContext.log ContextListener: attributeAdded('StockTicker', 'async.Stockticker@434a4b02')
14-Dec-2024 11:04:58.894 INFORMACIÓN [main] org.apache.catalina.core.ApplicationContext.log SessionListener: contextDestroyed()
14-Dec-2024 11:04:58.897 INFORMACIÓN [main] org.apache.catalina.core.ApplicationContext.log ContextListener: contextDestroyed()
14-Dec-2024 11:06:32.018 INFORMACIÓN [main] org.apache.catalina.core.ApplicationContext.log SessionListener: contextDestroyed()
14-Dec-2024 11:06:32.018 INFORMACIÓN [main] org.apache.catalina.core.ApplicationContext.log ContextListener: contextDestroyed()
14-Dec-2024 11:09:06.829 INFORMACIÓN [main] org.apache.catalina.core.ApplicationContext.log ContextListener: contextInitialized()
14-Dec-2024 11:09:06.829 INFORMACIÓN [main] org.apache.catalina.core.ApplicationContext.log SessionListener: contextInitialized()
14-Dec-2024 11:09:06.832 INFORMACIÓN [main] org.apache.catalina.core.ApplicationContext.log ContextListener: attributeAdded('StockTicker', 'async.Stockticker@48c8abde')
