28-Nov-2024 10:30:28.459 GRAVE [main] org.apache.catalina.core.StandardContext.listenerStart Excepción al enviar evento inicializado de contexto a instancia de escuchador de clase [net.datenwerke.rs.ReportServerServiceConfig]
	java.lang.reflect.InaccessibleObjectException: Unable to make protected void java.net.URLClassLoader.addURL(java.net.URL) accessible: module java.base does not "opens java.net" to unnamed module @352f1c31
		at java.base/java.lang.reflect.AccessibleObject.checkCanSetAccessible(AccessibleObject.java:354)
		at java.base/java.lang.reflect.AccessibleObject.checkCanSetAccessible(AccessibleObject.java:297)
		at java.base/java.lang.reflect.Method.checkCanSetAccessible(Method.java:199)
		at java.base/java.lang.reflect.Method.setAccessible(Method.java:193)
		at net.datenwerke.rs.configservice.service.configservice.LibDirClasspathHelper.addUrl(LibDirClasspathHelper.java:63)
		at net.datenwerke.rs.configservice.service.configservice.LibDirClasspathHelper.loadLibs(LibDirClasspathHelper.java:36)
		at net.datenwerke.rs.EnvironmentValidator.loadCfgdirLibs(EnvironmentValidator.java:875)
		at net.datenwerke.rs.EnvironmentValidator.startup(EnvironmentValidator.java:111)
		at net.datenwerke.rs.ReportServerServiceConfig.getInjector(ReportServerServiceConfig.java:293)
		at com.google.inject.servlet.GuiceServletContextListener.contextInitialized(GuiceServletContextListener.java:45)
		at net.datenwerke.gf.DwGwtFrameworkBase.contextInitialized(DwGwtFrameworkBase.java:57)
		at org.apache.catalina.core.StandardContext.listenerStart(StandardContext.java:4018)
		at org.apache.catalina.core.StandardContext.startInternal(StandardContext.java:4460)
		at org.apache.catalina.util.LifecycleBase.start(LifecycleBase.java:164)
		at org.apache.catalina.core.ContainerBase.addChildInternal(ContainerBase.java:599)
		at org.apache.catalina.core.ContainerBase.addChild(ContainerBase.java:571)
		at org.apache.catalina.core.StandardHost.addChild(StandardHost.java:603)
		at org.apache.catalina.startup.HostConfig.deployDirectory(HostConfig.java:1175)
		at org.apache.catalina.startup.HostConfig$DeployDirectory.run(HostConfig.java:1888)
		at java.base/java.util.concurrent.Executors$RunnableAdapter.call(Executors.java:539)
		at java.base/java.util.concurrent.FutureTask.run(FutureTask.java:264)
		at org.apache.tomcat.util.threads.InlineExecutorService.execute(InlineExecutorService.java:75)
		at java.base/java.util.concurrent.AbstractExecutorService.submit(AbstractExecutorService.java:123)
		at org.apache.catalina.startup.HostConfig.deployDirectories(HostConfig.java:1086)
		at org.apache.catalina.startup.HostConfig.deployApps(HostConfig.java:470)
		at org.apache.catalina.startup.HostConfig.start(HostConfig.java:1584)
		at org.apache.catalina.startup.HostConfig.lifecycleEvent(HostConfig.java:312)
		at org.apache.catalina.util.LifecycleBase.fireLifecycleEvent(LifecycleBase.java:109)
		at org.apache.catalina.util.LifecycleBase.setStateInternal(LifecycleBase.java:389)
		at org.apache.catalina.util.LifecycleBase.setState(LifecycleBase.java:336)
		at org.apache.catalina.core.ContainerBase.startInternal(ContainerBase.java:776)
		at org.apache.catalina.core.StandardHost.startInternal(StandardHost.java:721)
		at org.apache.catalina.util.LifecycleBase.start(LifecycleBase.java:164)
		at org.apache.catalina.core.ContainerBase$StartChild.call(ContainerBase.java:1203)
		at org.apache.catalina.core.ContainerBase$StartChild.call(ContainerBase.java:1193)
		at java.base/java.util.concurrent.FutureTask.run(FutureTask.java:264)
		at org.apache.tomcat.util.threads.InlineExecutorService.execute(InlineExecutorService.java:75)
		at java.base/java.util.concurrent.AbstractExecutorService.submit(AbstractExecutorService.java:145)
		at org.apache.catalina.core.ContainerBase.startInternal(ContainerBase.java:749)
		at org.apache.catalina.core.StandardEngine.startInternal(StandardEngine.java:211)
		at org.apache.catalina.util.LifecycleBase.start(LifecycleBase.java:164)
		at org.apache.catalina.core.StandardService.startInternal(StandardService.java:415)
		at org.apache.catalina.util.LifecycleBase.start(LifecycleBase.java:164)
		at org.apache.catalina.core.StandardServer.startInternal(StandardServer.java:874)
		at org.apache.catalina.util.LifecycleBase.start(LifecycleBase.java:164)
		at org.apache.catalina.startup.Catalina.start(Catalina.java:735)
		at java.base/jdk.internal.reflect.NativeMethodAccessorImpl.invoke0(Native Method)
		at java.base/jdk.internal.reflect.NativeMethodAccessorImpl.invoke(NativeMethodAccessorImpl.java:77)
		at java.base/jdk.internal.reflect.DelegatingMethodAccessorImpl.invoke(DelegatingMethodAccessorImpl.java:43)
		at java.base/java.lang.reflect.Method.invoke(Method.java:568)
		at org.apache.catalina.startup.Bootstrap.start(Bootstrap.java:345)
		at org.apache.catalina.startup.Bootstrap.main(Bootstrap.java:473)
28-Nov-2024 10:30:37.950 INFORMACIÓN [main] org.apache.catalina.core.ApplicationContext.log ContextListener: contextInitialized()
28-Nov-2024 10:30:37.951 INFORMACIÓN [main] org.apache.catalina.core.ApplicationContext.log SessionListener: contextInitialized()
28-Nov-2024 10:30:37.958 INFORMACIÓN [main] org.apache.catalina.core.ApplicationContext.log ContextListener: attributeAdded('StockTicker', 'async.Stockticker@69800da3')
28-Nov-2024 10:35:35.697 INFORMACIÓN [main] org.apache.catalina.core.ApplicationContext.log ContextListener: contextInitialized()
28-Nov-2024 10:35:35.697 INFORMACIÓN [main] org.apache.catalina.core.ApplicationContext.log SessionListener: contextInitialized()
28-Nov-2024 10:35:35.707 INFORMACIÓN [main] org.apache.catalina.core.ApplicationContext.log ContextListener: attributeAdded('StockTicker', 'async.Stockticker@1cf0cacc')
28-Nov-2024 10:36:15.177 INFORMACIÓN [main] org.apache.catalina.core.ApplicationContext.log SessionListener: contextDestroyed()
28-Nov-2024 10:36:15.178 INFORMACIÓN [main] org.apache.catalina.core.ApplicationContext.log ContextListener: contextDestroyed()
28-Nov-2024 10:41:16.684 INFORMACIÓN [main] org.apache.catalina.core.ApplicationContext.log SessionListener: contextDestroyed()
28-Nov-2024 10:41:16.685 INFORMACIÓN [main] org.apache.catalina.core.ApplicationContext.log ContextListener: contextDestroyed()
28-Nov-2024 10:41:44.737 INFORMACIÓN [main] org.apache.catalina.core.ApplicationContext.log ContextListener: contextInitialized()
28-Nov-2024 10:41:44.738 INFORMACIÓN [main] org.apache.catalina.core.ApplicationContext.log SessionListener: contextInitialized()
28-Nov-2024 10:41:44.743 INFORMACIÓN [main] org.apache.catalina.core.ApplicationContext.log ContextListener: attributeAdded('StockTicker', 'async.Stockticker@3f736a16')
28-Nov-2024 10:56:41.609 INFORMACIÓN [main] org.apache.catalina.core.ApplicationContext.log SessionListener: contextDestroyed()
28-Nov-2024 10:56:41.611 INFORMACIÓN [main] org.apache.catalina.core.ApplicationContext.log ContextListener: contextDestroyed()
28-Nov-2024 10:57:17.772 INFORMACIÓN [main] org.apache.catalina.core.ApplicationContext.log ContextListener: contextInitialized()
28-Nov-2024 10:57:17.772 INFORMACIÓN [main] org.apache.catalina.core.ApplicationContext.log SessionListener: contextInitialized()
28-Nov-2024 10:57:17.777 INFORMACIÓN [main] org.apache.catalina.core.ApplicationContext.log ContextListener: attributeAdded('StockTicker', 'async.Stockticker@71c17a57')
28-Nov-2024 11:11:31.662 INFORMACIÓN [main] org.apache.catalina.core.ApplicationContext.log SessionListener: contextDestroyed()
28-Nov-2024 11:11:31.662 INFORMACIÓN [main] org.apache.catalina.core.ApplicationContext.log ContextListener: contextDestroyed()
28-Nov-2024 11:11:38.198 INFORMACIÓN [main] org.apache.catalina.core.ApplicationContext.log ContextListener: contextInitialized()
28-Nov-2024 11:11:38.199 INFORMACIÓN [main] org.apache.catalina.core.ApplicationContext.log SessionListener: contextInitialized()
28-Nov-2024 11:11:38.201 INFORMACIÓN [main] org.apache.catalina.core.ApplicationContext.log ContextListener: attributeAdded('StockTicker', 'async.Stockticker@1cf0cacc')
28-Nov-2024 11:15:29.234 INFORMACIÓN [main] org.apache.catalina.core.ApplicationContext.log SessionListener: contextDestroyed()
28-Nov-2024 11:15:29.238 INFORMACIÓN [main] org.apache.catalina.core.ApplicationContext.log ContextListener: contextDestroyed()
28-Nov-2024 11:15:56.042 INFORMACIÓN [main] org.apache.catalina.core.ApplicationContext.log ContextListener: contextInitialized()
28-Nov-2024 11:15:56.042 INFORMACIÓN [main] org.apache.catalina.core.ApplicationContext.log SessionListener: contextInitialized()
28-Nov-2024 11:15:56.045 INFORMACIÓN [main] org.apache.catalina.core.ApplicationContext.log ContextListener: attributeAdded('StockTicker', 'async.Stockticker@507d64aa')
28-Nov-2024 14:25:34.244 GRAVE [Catalina-utility-1] org.apache.catalina.core.StandardContext.listenerStart Excepción al enviar evento inicializado de contexto a instancia de escuchador de clase [net.datenwerke.rs.ReportServerServiceConfig]
	java.lang.reflect.InaccessibleObjectException: Unable to make protected void java.net.URLClassLoader.addURL(java.net.URL) accessible: module java.base does not "opens java.net" to unnamed module @6878c566
		at java.base/java.lang.reflect.AccessibleObject.checkCanSetAccessible(AccessibleObject.java:354)
		at java.base/java.lang.reflect.AccessibleObject.checkCanSetAccessible(AccessibleObject.java:297)
		at java.base/java.lang.reflect.Method.checkCanSetAccessible(Method.java:199)
		at java.base/java.lang.reflect.Method.setAccessible(Method.java:193)
		at net.datenwerke.rs.configservice.service.configservice.LibDirClasspathHelper.addUrl(LibDirClasspathHelper.java:63)
		at net.datenwerke.rs.configservice.service.configservice.LibDirClasspathHelper.loadLibs(LibDirClasspathHelper.java:36)
		at net.datenwerke.rs.EnvironmentValidator.loadCfgdirLibs(EnvironmentValidator.java:875)
		at net.datenwerke.rs.EnvironmentValidator.startup(EnvironmentValidator.java:111)
		at net.datenwerke.rs.ReportServerServiceConfig.getInjector(ReportServerServiceConfig.java:293)
		at com.google.inject.servlet.GuiceServletContextListener.contextInitialized(GuiceServletContextListener.java:45)
		at net.datenwerke.gf.DwGwtFrameworkBase.contextInitialized(DwGwtFrameworkBase.java:57)
		at org.apache.catalina.core.StandardContext.listenerStart(StandardContext.java:4018)
		at org.apache.catalina.core.StandardContext.startInternal(StandardContext.java:4460)
		at org.apache.catalina.util.LifecycleBase.start(LifecycleBase.java:164)
		at org.apache.catalina.core.StandardContext.reload(StandardContext.java:3225)
		at org.apache.catalina.startup.HostConfig.reload(HostConfig.java:1415)
		at org.apache.catalina.startup.HostConfig.checkResources(HostConfig.java:1390)
		at org.apache.catalina.startup.HostConfig.check(HostConfig.java:1620)
		at org.apache.catalina.startup.HostConfig.lifecycleEvent(HostConfig.java:308)
		at org.apache.catalina.util.LifecycleBase.fireLifecycleEvent(LifecycleBase.java:109)
		at org.apache.catalina.core.ContainerBase.backgroundProcess(ContainerBase.java:973)
		at org.apache.catalina.core.ContainerBase$ContainerBackgroundProcessor.processChildren(ContainerBase.java:1172)
		at org.apache.catalina.core.ContainerBase$ContainerBackgroundProcessor.processChildren(ContainerBase.java:1176)
		at org.apache.catalina.core.ContainerBase$ContainerBackgroundProcessor.run(ContainerBase.java:1154)
		at java.base/java.util.concurrent.Executors$RunnableAdapter.call(Executors.java:539)
		at java.base/java.util.concurrent.FutureTask.runAndReset(FutureTask.java:305)
		at java.base/java.util.concurrent.ScheduledThreadPoolExecutor$ScheduledFutureTask.run(ScheduledThreadPoolExecutor.java:305)
		at java.base/java.util.concurrent.ThreadPoolExecutor.runWorker(ThreadPoolExecutor.java:1136)
		at java.base/java.util.concurrent.ThreadPoolExecutor$Worker.run(ThreadPoolExecutor.java:635)
		at org.apache.tomcat.util.threads.TaskThread$WrappingRunnable.run(TaskThread.java:63)
		at java.base/java.lang.Thread.run(Thread.java:833)
28-Nov-2024 15:32:57.598 INFORMACIÓN [main] org.apache.catalina.core.ApplicationContext.log ContextListener: contextInitialized()
28-Nov-2024 15:32:57.606 INFORMACIÓN [main] org.apache.catalina.core.ApplicationContext.log SessionListener: contextInitialized()
28-Nov-2024 15:32:57.615 INFORMACIÓN [main] org.apache.catalina.core.ApplicationContext.log ContextListener: attributeAdded('StockTicker', 'async.Stockticker@64c48659')
28-Nov-2024 15:50:30.316 INFORMACIÓN [Thread-2] org.apache.catalina.core.ApplicationContext.log SessionListener: contextDestroyed()
28-Nov-2024 15:50:30.316 INFORMACIÓN [Thread-2] org.apache.catalina.core.ApplicationContext.log ContextListener: contextDestroyed()
28-Nov-2024 15:54:25.373 INFORMACIÓN [main] org.apache.catalina.core.ApplicationContext.log ContextListener: contextInitialized()
28-Nov-2024 15:54:25.373 INFORMACIÓN [main] org.apache.catalina.core.ApplicationContext.log SessionListener: contextInitialized()
28-Nov-2024 15:54:25.376 INFORMACIÓN [main] org.apache.catalina.core.ApplicationContext.log ContextListener: attributeAdded('StockTicker', 'async.Stockticker@7d60d7d8')
28-Nov-2024 15:59:37.704 INFORMACIÓN [Thread-2] org.apache.catalina.core.ApplicationContext.log SessionListener: contextDestroyed()
28-Nov-2024 15:59:37.707 INFORMACIÓN [Thread-2] org.apache.catalina.core.ApplicationContext.log ContextListener: contextDestroyed()
28-Nov-2024 16:02:32.407 INFORMACIÓN [main] org.apache.catalina.core.ApplicationContext.log ContextListener: contextInitialized()
28-Nov-2024 16:02:32.407 INFORMACIÓN [main] org.apache.catalina.core.ApplicationContext.log SessionListener: contextInitialized()
28-Nov-2024 16:02:32.415 INFORMACIÓN [main] org.apache.catalina.core.ApplicationContext.log ContextListener: attributeAdded('StockTicker', 'async.Stockticker@27ae1722')
28-Nov-2024 16:15:33.160 INFORMACIÓN [Thread-2] org.apache.catalina.core.ApplicationContext.log SessionListener: contextDestroyed()
28-Nov-2024 16:15:33.161 INFORMACIÓN [Thread-2] org.apache.catalina.core.ApplicationContext.log ContextListener: contextDestroyed()
28-Nov-2024 16:17:55.214 INFORMACIÓN [main] org.apache.catalina.core.ApplicationContext.log ContextListener: contextInitialized()
28-Nov-2024 16:17:55.214 INFORMACIÓN [main] org.apache.catalina.core.ApplicationContext.log SessionListener: contextInitialized()
28-Nov-2024 16:17:55.217 INFORMACIÓN [main] org.apache.catalina.core.ApplicationContext.log ContextListener: attributeAdded('StockTicker', 'async.Stockticker@4b6d4a88')
