15-Dec-2024 11:36:46.978 INFORMACIÓN [Thread-22] org.apache.catalina.core.ApplicationContext.log SessionListener: contextDestroyed()
15-Dec-2024 11:36:46.978 INFORMACIÓN [Thread-22] org.apache.catalina.core.ApplicationContext.log ContextListener: contextDestroyed()
15-Dec-2024 11:36:47.022 GRAVE [Thread-22] org.apache.catalina.core.ApplicationFilterConfig.release Failed to destroy the filter named [guiceFilter] of type [com.google.inject.servlet.GuiceFilter]
	net.datenwerke.gxtdto.client.servercommunication.exceptions.ServerCallFailedException: org.hibernate.exception.GenericJDBCException: Unable to acquire JDBC Connection
		at net.datenwerke.gf.service.gwtstacktrace.CatchStacktraceInterceptor.invoke(CatchStacktraceInterceptor.java:62)
		at com.google.inject.servlet.ServletDefinition.destroy(ServletDefinition.java:159)
		at com.google.inject.servlet.ManagedServletPipeline.destroy(ManagedServletPipeline.java:101)
		at com.google.inject.servlet.ManagedFilterPipeline.destroyPipeline(ManagedFilterPipeline.java:162)
		at com.google.inject.servlet.GuiceFilter.destroy(GuiceFilter.java:241)
		at org.apache.catalina.core.ApplicationFilterConfig.release(ApplicationFilterConfig.java:274)
		at org.apache.catalina.core.StandardContext.filterStop(StandardContext.java:3900)
		at org.apache.catalina.core.StandardContext.stopInternal(StandardContext.java:4678)
		at org.apache.catalina.util.LifecycleBase.stop(LifecycleBase.java:235)
		at org.apache.catalina.core.ContainerBase$StopChild.call(ContainerBase.java:1219)
		at org.apache.catalina.core.ContainerBase$StopChild.call(ContainerBase.java:1208)
		at java.base/java.util.concurrent.FutureTask.run(FutureTask.java:264)
		at org.apache.tomcat.util.threads.InlineExecutorService.execute(InlineExecutorService.java:75)
		at java.base/java.util.concurrent.AbstractExecutorService.submit(AbstractExecutorService.java:145)
		at org.apache.catalina.core.ContainerBase.stopInternal(ContainerBase.java:814)
		at org.apache.catalina.util.LifecycleBase.stop(LifecycleBase.java:235)
		at org.apache.catalina.core.ContainerBase$StopChild.call(ContainerBase.java:1219)
		at org.apache.catalina.core.ContainerBase$StopChild.call(ContainerBase.java:1208)
		at java.base/java.util.concurrent.FutureTask.run(FutureTask.java:264)
		at org.apache.tomcat.util.threads.InlineExecutorService.execute(InlineExecutorService.java:75)
		at java.base/java.util.concurrent.AbstractExecutorService.submit(AbstractExecutorService.java:145)
		at org.apache.catalina.core.ContainerBase.stopInternal(ContainerBase.java:814)
		at org.apache.catalina.util.LifecycleBase.stop(LifecycleBase.java:235)
		at org.apache.catalina.core.StandardService.stopInternal(StandardService.java:471)
		at org.apache.catalina.util.LifecycleBase.stop(LifecycleBase.java:235)
		at org.apache.catalina.core.StandardServer.stopInternal(StandardServer.java:919)
		at org.apache.catalina.util.LifecycleBase.stop(LifecycleBase.java:235)
		at org.apache.catalina.startup.Catalina.stop(Catalina.java:810)
		at org.apache.catalina.startup.Catalina$CatalinaShutdownHook.run(Catalina.java:955)
	Caused by: javax.persistence.PersistenceException: org.hibernate.exception.GenericJDBCException: Unable to acquire JDBC Connection
		at org.hibernate.internal.ExceptionConverterImpl.convert(ExceptionConverterImpl.java:154)
		at org.hibernate.query.internal.AbstractProducedQuery.list(AbstractProducedQuery.java:1626)
		at org.hibernate.query.internal.AbstractProducedQuery.getSingleResult(AbstractProducedQuery.java:1665)
		at org.hibernate.query.criteria.internal.compile.CriteriaQueryTypeQueryAdapter.getSingleResult(CriteriaQueryTypeQueryAdapter.java:111)
		at net.datenwerke.rs.utils.simplequery.byatt.QueryByAttProcessor.process(QueryByAttProcessor.java:120)
		at net.datenwerke.rs.utils.simplequery.byatt.QueryByAttInterceptor.invoke(QueryByAttInterceptor.java:24)
		at net.datenwerke.gf.service.properties.PropertiesServiceImpl.containsKey(PropertiesServiceImpl.java:82)
		at net.datenwerke.rsenterprise.license.service.EnterpriseLicenseServiceImpl.hasValidLicense(EnterpriseLicenseServiceImpl.java:307)
		at net.datenwerke.rsenterprise.license.service.EnterpriseLicenseServiceImpl.doIsEnterprise(EnterpriseLicenseServiceImpl.java:99)
		at net.datenwerke.rsenterprise.license.service.EnterpriseLicenseServiceImpl.isEnterprise(EnterpriseLicenseServiceImpl.java:89)
		at net.datenwerke.rsenterprise.license.service.EnterpriseCheckInterceptor.invoke(EnterpriseCheckInterceptor.java:22)
		at net.datenwerke.security.service.security.aop.SecurityCheckInterceptor.invoke(SecurityCheckInterceptor.java:112)
		at net.datenwerke.gf.service.gwtstacktrace.CatchStacktraceInterceptor.invoke(CatchStacktraceInterceptor.java:38)
		... 28 more
	Caused by: org.hibernate.exception.GenericJDBCException: Unable to acquire JDBC Connection
		at org.hibernate.exception.internal.StandardSQLExceptionConverter.convert(StandardSQLExceptionConverter.java:42)
		at org.hibernate.engine.jdbc.spi.SqlExceptionHelper.convert(SqlExceptionHelper.java:113)
		at org.hibernate.engine.jdbc.spi.SqlExceptionHelper.convert(SqlExceptionHelper.java:99)
		at org.hibernate.resource.jdbc.internal.LogicalConnectionManagedImpl.acquireConnectionIfNeeded(LogicalConnectionManagedImpl.java:111)
		at org.hibernate.resource.jdbc.internal.LogicalConnectionManagedImpl.getPhysicalConnection(LogicalConnectionManagedImpl.java:138)
		at org.hibernate.engine.jdbc.internal.StatementPreparerImpl.connection(StatementPreparerImpl.java:50)
		at org.hibernate.engine.jdbc.internal.StatementPreparerImpl$5.doPrepare(StatementPreparerImpl.java:149)
		at org.hibernate.engine.jdbc.internal.StatementPreparerImpl$StatementPreparationTemplate.prepareStatement(StatementPreparerImpl.java:176)
		at org.hibernate.engine.jdbc.internal.StatementPreparerImpl.prepareQueryStatement(StatementPreparerImpl.java:151)
		at org.hibernate.loader.Loader.prepareQueryStatement(Loader.java:2122)
		at org.hibernate.loader.Loader.executeQueryStatement(Loader.java:2059)
		at org.hibernate.loader.Loader.executeQueryStatement(Loader.java:2037)
		at org.hibernate.loader.Loader.doQuery(Loader.java:956)
		at org.hibernate.loader.Loader.doQueryAndInitializeNonLazyCollections(Loader.java:357)
		at org.hibernate.loader.Loader.doList(Loader.java:2868)
		at org.hibernate.loader.Loader.doList(Loader.java:2850)
		at org.hibernate.loader.Loader.listIgnoreQueryCache(Loader.java:2682)
		at org.hibernate.loader.Loader.list(Loader.java:2677)
		at org.hibernate.loader.hql.QueryLoader.list(QueryLoader.java:540)
		at org.hibernate.hql.internal.ast.QueryTranslatorImpl.list(QueryTranslatorImpl.java:400)
		at org.hibernate.engine.query.spi.HQLQueryPlan.performList(HQLQueryPlan.java:218)
		at org.hibernate.internal.SessionImpl.list(SessionImpl.java:1459)
		at org.hibernate.query.internal.AbstractProducedQuery.doList(AbstractProducedQuery.java:1649)
		at org.hibernate.query.internal.AbstractProducedQuery.list(AbstractProducedQuery.java:1617)
		... 39 more
	Caused by: com.microsoft.sqlserver.jdbc.SQLServerException: La conexión se ha perdido y no es posible recuperarla. El controlador cliente intentó recuperar la conexión una o más veces sin conseguirlo. Aumente el valor de ConnectRetryCount para aumentar el número de intentos de recuperación.
		at com.microsoft.sqlserver.jdbc.ReconnectThread.run(IdleConnectionResiliency.java:529)
	Caused by: com.microsoft.sqlserver.jdbc.SQLServerException: No se pudo realizar la conexión TCP/IP al host localhost, puerto 1433. Error: "Connection refused. Verifique las propiedades de conexión, compruebe que hay una instancia de SQL Server ejecutándose en el host y aceptando las conexiones TCP/IP en el puerto y compruebe que no hay ningún firewall bloqueando las conexiones TCP en el puerto.".
		at com.microsoft.sqlserver.jdbc.SQLServerException.makeFromDriverError(SQLServerException.java:242)
		at com.microsoft.sqlserver.jdbc.SQLServerException.convertConnectExceptionToSQLServerException(SQLServerException.java:308)
		at com.microsoft.sqlserver.jdbc.SocketFinder.findSocket(IOBuffer.java:2593)
		at com.microsoft.sqlserver.jdbc.TDSChannel.open(IOBuffer.java:721)
		at com.microsoft.sqlserver.jdbc.SQLServerConnection.connectHelper(SQLServerConnection.java:3768)
		at com.microsoft.sqlserver.jdbc.SQLServerConnection.login(SQLServerConnection.java:3385)
		at com.microsoft.sqlserver.jdbc.SQLServerConnection.connectInternal(SQLServerConnection.java:3198)
		at com.microsoft.sqlserver.jdbc.SQLServerConnection.connect(SQLServerConnection.java:1971)
		at com.microsoft.sqlserver.jdbc.ReconnectThread.run(IdleConnectionResiliency.java:465)
